// Jest Snapshot v1, https://goo.gl/fbAQLP

exports[`<Footer /> should match the snapshot 1`] = `
<footer
  class="Footerstyle__StyledFooter-sc-7flfx7-0 iYkHNP"
>
  <strong>
    Bank Application 2.0
  </strong>
   | 10.07.2020
</footer>
`;
