// Jest Snapshot v1, https://goo.gl/fbAQLP

exports[`<BankCards /> should render a BankCards 1`] = `
<div
  class="ant-card Cardstyle__StyledCard-s807iu-0 egrUQF ant-card-bordered"
  darker="true"
  excluded="true"
  shadowed="true"
>
  <div
    class="ant-card-head"
  >
    <div
      class="ant-card-head-wrapper"
    >
      <div
        class="ant-card-head-title"
      >
        Cards
      </div>
      <div
        class="ant-card-extra"
      >
        <button
          class="ant-btn Buttonstyle__StyledButton-nh59mr-0 bcqyjQ ant-btn-link"
          type="button"
        >
          <div
            class="Buttonstyle__StyledButtonContent-nh59mr-1 cBxojI"
          >
            <span
              aria-label="credit-card"
              class="anticon anticon-credit-card"
              role="img"
            >
              <svg
                aria-hidden="true"
                class=""
                data-icon="credit-card"
                fill="currentColor"
                focusable="false"
                height="1em"
                viewBox="64 64 896 896"
                width="1em"
              >
                <path
                  d="M928 160H96c-17.7 0-32 14.3-32 32v640c0 17.7 14.3 32 32 32h832c17.7 0 32-14.3 32-32V192c0-17.7-14.3-32-32-32zm-792 72h752v120H136V232zm752 560H136V440h752v352zm-237-64h165c4.4 0 8-3.6 8-8v-72c0-4.4-3.6-8-8-8H651c-4.4 0-8 3.6-8 8v72c0 4.4 3.6 8 8 8z"
                />
              </svg>
            </span>
             
            <span>
              New card
            </span>
          </div>
        </button>
      </div>
    </div>
  </div>
  <div
    class="ant-card-body"
  >
    <div
      class="Cardstyle__StyledCardContent-s807iu-1 fnMJaW"
    >
      <span>
        The cards function is disabled.
      </span>
    </div>
  </div>
</div>
`;
