// Jest Snapshot v1, https://goo.gl/fbAQLP

exports[`<AvailableFunds /> should render a AvailableFunds 1`] = `
<span
  class="HeaderNamestyle__StyledHeaderName-sc-106aplm-0 dgwlDT"
>
  <div>
    Home
  </div>
</span>
`;
