// Jest Snapshot v1, https://goo.gl/fbAQLP

exports[`<Footer /> should render a div 1`] = `
<footer
  class="Footerstyle__StyledFooter-sc-3vvbi3-0 efEtfj"
>
  <div
    class="Footerstyle__StyledWarning-sc-3vvbi3-1 btJlec"
  >
    <span
      aria-label="info-circle"
      class="anticon anticon-info-circle Footerstyle__StyledInfoCircleOutlined-sc-3vvbi3-2 iXYsXs"
      role="img"
    >
      <svg
        aria-hidden="true"
        class=""
        data-icon="info-circle"
        fill="currentColor"
        focusable="false"
        height="1em"
        viewBox="64 64 896 896"
        width="1em"
      >
        <path
          d="M512 64C264.6 64 64 264.6 64 512s200.6 448 448 448 448-200.6 448-448S759.4 64 512 64zm0 820c-205.4 0-372-166.6-372-372s166.6-372 372-372 372 166.6 372 372-166.6 372-372 372z"
        />
        <path
          d="M464 336a48 48 0 1096 0 48 48 0 10-96 0zm72 112h-48c-4.4 0-8 3.6-8 8v272c0 4.4 3.6 8 8 8h48c4.4 0 8-3.6 8-8V456c0-4.4-3.6-8-8-8z"
        />
      </svg>
    </span>
    <span>
      Remember the basic safety rules.
    </span>
  </div>
  <div>
    <span>
      Before you enter your ID number and access password on your website, make sure
    </span>
    <ul>
      <li>
        <span>
          Your password is secure. It contains at least 8 characters and consists of uppercase and lowercase letters
        </span>
      </li>
      <li>
        <span>
          in the address bar or status bar, a padlock is visible at the bottom of the browser screen
        </span>
      </li>
    </ul>
  </div>
  <div
    class="Footerstyle__StyledTip-sc-3vvbi3-3 feybDB"
  >
    <span>
      Remember: The bank does not require confirmation of any data, correct login or reading of the Banks messages by means of SMS, TAN and / or e-mail, or installation of any applications on the users phones or computers.
    </span>
  </div>
  <div>
    <span>
      This site uses cookies to provide services at the highest level. By clicking or navigating the site, you agree to allow our collection of information on through cookies. For more information on security, please visit:
    </span>
     
    <button
      class="ant-btn Footerstyle__StyledButton-sc-3vvbi3-4 byxUJI ant-btn-link"
      type="button"
    >
      <span>
        Privacy rules
      </span>
    </button>
  </div>
</footer>
`;
