// Jest Snapshot v1, https://goo.gl/fbAQLP

exports[`<RegisterPage /> should render its registerPage 1`] = `
<header
  class="Headerstyle__StyledHeader-ae05xe-0 gxFPFE"
>
  <a
    href="/"
  >
    <img
      alt="Bank Application"
      class="Headerstyle__StyledImg-ae05xe-1 ggLcVg"
      height="100%"
      src="IMAGE_MOCK"
      width="180"
    />
  </a>
  <img
    alt="Adrian Pietrzak"
    class="Headerstyle__StyledImg-ae05xe-1 ggLcVg"
    height="100%"
    src="IMAGE_MOCK"
    width="50"
  />
</header>
`;
