// Jest Snapshot v1, https://goo.gl/fbAQLP

exports[`<PaymentPage /> should render its PaymentPage 1`] = `
<div
  class="ant-steps ant-steps-horizontal Stepsstyle__StyledSteps-cszd7q-0 gvgAqU ant-steps-label-horizontal"
>
  <div
    class="ant-steps-item ant-steps-item-process ant-steps-item-active"
  >
    <div
      class="ant-steps-item-container"
    >
      <div
        class="ant-steps-item-tail"
      />
      <div
        class="ant-steps-item-icon"
      >
        <span
          class="ant-steps-icon"
        >
          1
        </span>
      </div>
      <div
        class="ant-steps-item-content"
      >
        <div
          class="ant-steps-item-title"
        >
          <span>
            Bill
          </span>
        </div>
      </div>
    </div>
  </div>
  <div
    class="ant-steps-item ant-steps-item-wait"
  >
    <div
      class="ant-steps-item-container"
    >
      <div
        class="ant-steps-item-tail"
      />
      <div
        class="ant-steps-item-icon"
      >
        <span
          class="ant-steps-icon"
        >
          2
        </span>
      </div>
      <div
        class="ant-steps-item-content"
      >
        <div
          class="ant-steps-item-title"
        >
          <span>
            Recipient
          </span>
        </div>
      </div>
    </div>
  </div>
  <div
    class="ant-steps-item ant-steps-item-wait"
  >
    <div
      class="ant-steps-item-container"
    >
      <div
        class="ant-steps-item-tail"
      />
      <div
        class="ant-steps-item-icon"
      >
        <span
          class="ant-steps-icon"
        >
          3
        </span>
      </div>
      <div
        class="ant-steps-item-content"
      >
        <div
          class="ant-steps-item-title"
        >
          <span>
            Amount of money
          </span>
        </div>
      </div>
    </div>
  </div>
  <div
    class="ant-steps-item ant-steps-item-wait"
  >
    <div
      class="ant-steps-item-container"
    >
      <div
        class="ant-steps-item-tail"
      />
      <div
        class="ant-steps-item-icon"
      >
        <span
          class="ant-steps-icon"
        >
          4
        </span>
      </div>
      <div
        class="ant-steps-item-content"
      >
        <div
          class="ant-steps-item-title"
        >
          <span>
            Transfer title
          </span>
        </div>
      </div>
    </div>
  </div>
  <div
    class="ant-steps-item ant-steps-item-wait"
  >
    <div
      class="ant-steps-item-container"
    >
      <div
        class="ant-steps-item-tail"
      />
      <div
        class="ant-steps-item-icon"
      >
        <span
          class="ant-steps-icon"
        >
          5
        </span>
      </div>
      <div
        class="ant-steps-item-content"
      >
        <div
          class="ant-steps-item-title"
        >
          <span>
            Confirm data
          </span>
        </div>
      </div>
    </div>
  </div>
</div>
`;
