// Jest Snapshot v1, https://goo.gl/fbAQLP

exports[`<HeaderAction /> should render a HeaderAction 1`] = `
<div
  class="HeaderActionstyle__StyledHeaderAction-sc-1v0240u-0 feaNdT"
>
  <div
    class="HeaderActionstyle__StyledHeaderWrapper-sc-1v0240u-8 hQPoLy"
  >
    <button
      class="ant-btn HeaderActionstyle__StyledHeaderActionItem-sc-1v0240u-1 cmPPXO ant-dropdown-trigger ant-btn-link"
      type="button"
    >
      <span
        class="ant-badge"
      >
        <span
          aria-label="message"
          class="anticon anticon-message HeaderActionstyle__StyledMessageOutlined-sc-1v0240u-4 iIaPJm"
          role="img"
        >
          <svg
            aria-hidden="true"
            class=""
            data-icon="message"
            fill="currentColor"
            focusable="false"
            height="1em"
            viewBox="64 64 896 896"
            width="1em"
          >
            <path
              d="M464 512a48 48 0 1096 0 48 48 0 10-96 0zm200 0a48 48 0 1096 0 48 48 0 10-96 0zm-400 0a48 48 0 1096 0 48 48 0 10-96 0zm661.2-173.6c-22.6-53.7-55-101.9-96.3-143.3a444.35 444.35 0 00-143.3-96.3C630.6 75.7 572.2 64 512 64h-2c-60.6.3-119.3 12.3-174.5 35.9a445.35 445.35 0 00-142 96.5c-40.9 41.3-73 89.3-95.2 142.8-23 55.4-34.6 114.3-34.3 174.9A449.4 449.4 0 00112 714v152a46 46 0 0046 46h152.1A449.4 449.4 0 00510 960h2.1c59.9 0 118-11.6 172.7-34.3a444.48 444.48 0 00142.8-95.2c41.3-40.9 73.8-88.7 96.5-142 23.6-55.2 35.6-113.9 35.9-174.5.3-60.9-11.5-120-34.8-175.6zm-151.1 438C704 845.8 611 884 512 884h-1.7c-60.3-.3-120.2-15.3-173.1-43.5l-8.4-4.5H188V695.2l-4.5-8.4C155.3 633.9 140.3 574 140 513.7c-.4-99.7 37.7-193.3 107.6-263.8 69.8-70.5 163.1-109.5 262.8-109.9h1.7c50 0 98.5 9.7 144.2 28.9 44.6 18.7 84.6 45.6 119 80 34.3 34.3 61.3 74.4 80 119 19.4 46.2 29.1 95.2 28.9 145.8-.6 99.6-39.7 192.9-110.1 262.7z"
            />
          </svg>
        </span>
      </span>
      <div
        class="HeaderActionstyle__StyledHeaderActionItemName-sc-1v0240u-2 hgmiCZ"
      >
        <span>
          Messages
        </span>
      </div>
    </button>
    <button
      class="ant-btn HeaderActionstyle__StyledHeaderActionItem-sc-1v0240u-1 cmPPXO ant-dropdown-trigger ant-btn-link"
      type="button"
    >
      <span
        class="ant-badge"
      >
        <span
          aria-label="bell"
          class="anticon anticon-bell HeaderActionstyle__StyledBellOutlined-sc-1v0240u-6 fDtdaM"
          role="img"
        >
          <svg
            aria-hidden="true"
            class=""
            data-icon="bell"
            fill="currentColor"
            focusable="false"
            height="1em"
            viewBox="64 64 896 896"
            width="1em"
          >
            <path
              d="M816 768h-24V428c0-141.1-104.3-257.7-240-277.1V112c0-22.1-17.9-40-40-40s-40 17.9-40 40v38.9c-135.7 19.4-240 136-240 277.1v340h-24c-17.7 0-32 14.3-32 32v32c0 4.4 3.6 8 8 8h216c0 61.8 50.2 112 112 112s112-50.2 112-112h216c4.4 0 8-3.6 8-8v-32c0-17.7-14.3-32-32-32zM512 888c-26.5 0-48-21.5-48-48h96c0 26.5-21.5 48-48 48zM304 768V428c0-55.6 21.6-107.8 60.9-147.1S456.4 220 512 220c55.6 0 107.8 21.6 147.1 60.9S720 372.4 720 428v340H304z"
            />
          </svg>
        </span>
      </span>
      <div
        class="HeaderActionstyle__StyledHeaderActionItemName-sc-1v0240u-2 hgmiCZ"
      >
        <span>
          Notifications
        </span>
      </div>
    </button>
    <button
      class="ant-btn HeaderActionstyle__StyledHeaderActionItem-sc-1v0240u-1 cmPPXO ant-btn-link"
      type="button"
    >
      <span
        aria-label="poweroff"
        class="anticon anticon-poweroff HeaderActionstyle__StyledPoweroffOutlined-sc-1v0240u-3 dauYlO"
        role="img"
      >
        <svg
          aria-hidden="true"
          class=""
          data-icon="poweroff"
          fill="currentColor"
          focusable="false"
          height="1em"
          viewBox="64 64 896 896"
          width="1em"
        >
          <path
            d="M705.6 124.9a8 8 0 00-11.6 7.2v64.2c0 5.5 2.9 10.6 7.5 13.6a352.2 352.2 0 0162.2 49.8c32.7 32.8 58.4 70.9 76.3 113.3a355 355 0 0127.9 138.7c0 48.1-9.4 94.8-27.9 138.7a355.92 355.92 0 01-76.3 113.3 353.06 353.06 0 01-113.2 76.4c-43.8 18.6-90.5 28-138.5 28s-94.7-9.4-138.5-28a353.06 353.06 0 01-113.2-76.4A355.92 355.92 0 01184 650.4a355 355 0 01-27.9-138.7c0-48.1 9.4-94.8 27.9-138.7 17.9-42.4 43.6-80.5 76.3-113.3 19-19 39.8-35.6 62.2-49.8 4.7-2.9 7.5-8.1 7.5-13.6V132c0-6-6.3-9.8-11.6-7.2C178.5 195.2 82 339.3 80 506.3 77.2 745.1 272.5 943.5 511.2 944c239 .5 432.8-193.3 432.8-432.4 0-169.2-97-315.7-238.4-386.7zM480 560h64c4.4 0 8-3.6 8-8V88c0-4.4-3.6-8-8-8h-64c-4.4 0-8 3.6-8 8v464c0 4.4 3.6 8 8 8z"
          />
        </svg>
      </span>
      <div
        class="HeaderActionstyle__StyledHeaderActionItemName-sc-1v0240u-2 hgmiCZ"
      >
        <span>
          Logout
        </span>
      </div>
    </button>
  </div>
</div>
`;
