// Jest Snapshot v1, https://goo.gl/fbAQLP

exports[`<Copyright /> should render a Copyright 1`] = `
<div
  class="Copyrightstyle__StyledCopyright-sc-1dw2rfe-0 kybcIo"
>
  Copyright Â© 
  2020
  . Made by
   
  <a
    href="https://github.com/pietrzakadrian"
    target="_blank"
  >
    Adrian Pietrzak
  </a>
</div>
`;
