// Jest Snapshot v1, https://goo.gl/fbAQLP

exports[`<AmountMoney /> should render a AmountMoney 1`] = `
<form
  class="ant-form ant-form-horizontal"
>
  <div
    class="ant-row ant-form-item Formstyle__StyledFormItem-sc-7x4ylh-6 hnNRbx"
  >
    <div
      class="ant-col ant-form-item-label"
    >
      <label
        class=""
        for="amountMoney"
        title="Amount money"
      >
        Amount money
      </label>
    </div>
    <div
      class="ant-col ant-form-item-control"
    >
      <div
        class="ant-form-item-control-input"
      >
        <div
          class="ant-form-item-control-input-content"
        >
          <div
            class="ant-input-number Formstyle__StyledInputNumber-sc-7x4ylh-5 eKKIVi"
          >
            <div
              class="ant-input-number-handler-wrap"
            >
              <span
                aria-label="Increase Value"
                class="ant-input-number-handler ant-input-number-handler-up"
                role="button"
                unselectable="unselectable"
              >
                <span
                  aria-label="up"
                  class="anticon anticon-up ant-input-number-handler-up-inner"
                  role="img"
                >
                  <svg
                    aria-hidden="true"
                    class=""
                    data-icon="up"
                    fill="currentColor"
                    focusable="false"
                    height="1em"
                    viewBox="64 64 896 896"
                    width="1em"
                  >
                    <path
                      d="M890.5 755.3L537.9 269.2c-12.8-17.6-39-17.6-51.7 0L133.5 755.3A8 8 0 00140 768h75c5.1 0 9.9-2.5 12.9-6.6L512 369.8l284.1 391.6c3 4.1 7.8 6.6 12.9 6.6h75c6.5 0 10.3-7.4 6.5-12.7z"
                    />
                  </svg>
                </span>
              </span>
              <span
                aria-label="Decrease Value"
                class="ant-input-number-handler ant-input-number-handler-down"
                role="button"
                unselectable="unselectable"
              >
                <span
                  aria-label="down"
                  class="anticon anticon-down ant-input-number-handler-down-inner"
                  role="img"
                >
                  <svg
                    aria-hidden="true"
                    class=""
                    data-icon="down"
                    fill="currentColor"
                    focusable="false"
                    height="1em"
                    viewBox="64 64 896 896"
                    width="1em"
                  >
                    <path
                      d="M884 256h-75c-5.1 0-9.9 2.5-12.9 6.6L512 654.2 227.9 262.6c-3-4.1-7.8-6.6-12.9-6.6h-75c-6.5 0-10.3 7.4-6.5 12.7l352.6 486.1c12.8 17.6 39 17.6 51.7 0l352.6-486.1c3.9-5.3.1-12.7-6.4-12.7z"
                    />
                  </svg>
                </span>
              </span>
            </div>
            <div
              class="ant-input-number-input-wrap"
            >
              <input
                aria-valuemax="9007199254740991"
                aria-valuemin="-9007199254740991"
                autocomplete="off"
                class="ant-input-number-input"
                id="amountMoney"
                max="9007199254740991"
                min="-9007199254740991"
                name="amountMoney"
                placeholder="Enter amount money"
                role="spinbutton"
                step="1"
                type="number"
                value=""
              />
            </div>
          </div>
        </div>
      </div>
    </div>
  </div>
</form>
`;
