// Jest Snapshot v1, https://goo.gl/fbAQLP

exports[`<Widget /> should render a Widget 1`] = `
<section
  class="Widgetstyle__StyledWidget-sc-1bl1ktb-0 kjDbLh"
>
  <div
    class="Widgetstyle__StyledWidgetContent-sc-1bl1ktb-1 gBcXHr"
  />
</section>
`;
