// Jest Snapshot v1, https://goo.gl/fbAQLP

exports[`<Mark /> should render a Mark 1`] = `
<img
  class="Markstyle__StyledMark-sc-1x4t4ce-0 icqNNZ"
  height="auto"
  src="IMAGE_MOCK"
  width="40"
/>
`;
