// Jest Snapshot v1, https://goo.gl/fbAQLP

exports[`<Modal /> should render a Modal 1`] = `null`;
